// Jest Snapshot v1, https://goo.gl/fbAQLP

exports[`Asset Table Should render it correctly 1`] = `
Object {
  "asFragment": [Function],
  "baseElement": <body>
    <div>
      <div>
        <div
          class="MuiPaper-root MuiTableContainer-root MuiPaper-elevation1 MuiPaper-rounded"
        >
          <table
            class="MuiTable-root"
          >
            <thead
              class="MuiTableHead-root"
            >
              <tr
                class="MuiTableRow-root AssetItem-table-5 MuiTableRow-head"
              >
                <th
                  class="MuiTableCell-root MuiTableCell-head AssetItem-table-5 MuiTableCell-alignCenter"
                  scope="col"
                >
                  Price (USD)
                </th>
                <th
                  class="MuiTableCell-root MuiTableCell-head AssetItem-table-5 MuiTableCell-alignCenter"
                  scope="col"
                >
                  Amount (USD)
                </th>
              </tr>
            </thead>
            <tbody
              class="MuiTableBody-root"
            >
              <tr
                class="MuiTableRow-root AssetItem-table-5 AssetItem-asset-1 AssetItem-down-3"
              >
                <td
                  class="MuiTableCell-root MuiTableCell-body AssetItem-text-4 MuiTableCell-alignCenter"
                >
                  $10.00
                </td>
                <td
                  class="MuiTableCell-root MuiTableCell-body AssetItem-text-4 MuiTableCell-alignCenter"
                >
                  $10.00
                </td>
              </tr>
            </tbody>
          </table>
        </div>
        <div
          class="MuiBox-root MuiBox-root-8 AssetItem-title_down-7"
        >
          $10.00
        </div>
      </div>
    </div>
  </body>,
  "container": <div>
    <div>
      <div
        class="MuiPaper-root MuiTableContainer-root MuiPaper-elevation1 MuiPaper-rounded"
      >
        <table
          class="MuiTable-root"
        >
          <thead
            class="MuiTableHead-root"
          >
            <tr
              class="MuiTableRow-root AssetItem-table-5 MuiTableRow-head"
            >
              <th
                class="MuiTableCell-root MuiTableCell-head AssetItem-table-5 MuiTableCell-alignCenter"
                scope="col"
              >
                Price (USD)
              </th>
              <th
                class="MuiTableCell-root MuiTableCell-head AssetItem-table-5 MuiTableCell-alignCenter"
                scope="col"
              >
                Amount (USD)
              </th>
            </tr>
          </thead>
          <tbody
            class="MuiTableBody-root"
          >
            <tr
              class="MuiTableRow-root AssetItem-table-5 AssetItem-asset-1 AssetItem-down-3"
            >
              <td
                class="MuiTableCell-root MuiTableCell-body AssetItem-text-4 MuiTableCell-alignCenter"
              >
                $10.00
              </td>
              <td
                class="MuiTableCell-root MuiTableCell-body AssetItem-text-4 MuiTableCell-alignCenter"
              >
                $10.00
              </td>
            </tr>
          </tbody>
        </table>
      </div>
      <div
        class="MuiBox-root MuiBox-root-8 AssetItem-title_down-7"
      >
        $10.00
      </div>
    </div>
  </div>,
  "debug": [Function],
  "findAllByAltText": [Function],
  "findAllByDisplayValue": [Function],
  "findAllByLabelText": [Function],
  "findAllByPlaceholderText": [Function],
  "findAllByRole": [Function],
  "findAllByTestId": [Function],
  "findAllByText": [Function],
  "findAllByTitle": [Function],
  "findByAltText": [Function],
  "findByDisplayValue": [Function],
  "findByLabelText": [Function],
  "findByPlaceholderText": [Function],
  "findByRole": [Function],
  "findByTestId": [Function],
  "findByText": [Function],
  "findByTitle": [Function],
  "getAllByAltText": [Function],
  "getAllByDisplayValue": [Function],
  "getAllByLabelText": [Function],
  "getAllByPlaceholderText": [Function],
  "getAllByRole": [Function],
  "getAllByTestId": [Function],
  "getAllByText": [Function],
  "getAllByTitle": [Function],
  "getByAltText": [Function],
  "getByDisplayValue": [Function],
  "getByLabelText": [Function],
  "getByPlaceholderText": [Function],
  "getByRole": [Function],
  "getByTestId": [Function],
  "getByText": [Function],
  "getByTitle": [Function],
  "queryAllByAltText": [Function],
  "queryAllByDisplayValue": [Function],
  "queryAllByLabelText": [Function],
  "queryAllByPlaceholderText": [Function],
  "queryAllByRole": [Function],
  "queryAllByTestId": [Function],
  "queryAllByText": [Function],
  "queryAllByTitle": [Function],
  "queryByAltText": [Function],
  "queryByDisplayValue": [Function],
  "queryByLabelText": [Function],
  "queryByPlaceholderText": [Function],
  "queryByRole": [Function],
  "queryByTestId": [Function],
  "queryByText": [Function],
  "queryByTitle": [Function],
  "rerender": [Function],
  "unmount": [Function],
}
`;
